{
    "reconst - frf_msmt": {
        "content": [
            {
                "0": [
                    
                ],
                "1": [
                    [
                        {
                            "id": "test",
                            "single_end": false
                        },
                        "test__wm_frf.txt:md5,3a42a1be19a5026162cee9e32ec5e3c4"
                    ]
                ],
                "2": [
                    [
                        {
                            "id": "test",
                            "single_end": false
                        },
                        "test__gm_frf.txt:md5,52b2e3e801a1b971eadb8971516ef65b"
                    ]
                ],
                "3": [
                    [
                        {
                            "id": "test",
                            "single_end": false
                        },
                        "test__csf_frf.txt:md5,d3afaec6fa6a2275745b73d154b663c4"
                    ]
                ],
                "4": [
                    "versions.yml:md5,0ebf33e30da5fc7e67dee8889822322e"
                ],
                "csf_frf": [
                    [
                        {
                            "id": "test",
                            "single_end": false
                        },
                        "test__csf_frf.txt:md5,d3afaec6fa6a2275745b73d154b663c4"
                    ]
                ],
                "frf": [
                    
                ],
                "gm_frf": [
                    [
                        {
                            "id": "test",
                            "single_end": false
                        },
                        "test__gm_frf.txt:md5,52b2e3e801a1b971eadb8971516ef65b"
                    ]
                ],
                "versions": [
                    "versions.yml:md5,0ebf33e30da5fc7e67dee8889822322e"
                ],
                "wm_frf": [
                    [
                        {
                            "id": "test",
                            "single_end": false
                        },
                        "test__wm_frf.txt:md5,3a42a1be19a5026162cee9e32ec5e3c4"
                    ]
                ]
            }
        ],
        "meta": {
            "nf-test": "0.8.4",
            "nextflow": "24.04.1"
        },
        "timestamp": "2024-05-22T17:37:39.563734"
    },
    "reconst - frf_set_frf_no_mask": {
        "content": [
            {
                "0": [
                    [
                        {
                            "id": "test",
                            "single_end": false
                        },
                        "test__frf.txt:md5,d4b17ce95ea4c14a5fa6dc915ceca1ea"
                    ]
                ],
                "1": [
                    
                ],
                "2": [
                    
                ],
                "3": [
                    
                ],
                "4": [
                    "versions.yml:md5,0ebf33e30da5fc7e67dee8889822322e"
                ],
                "csf_frf": [
                    
                ],
                "frf": [
                    [
                        {
                            "id": "test",
                            "single_end": false
                        },
                        "test__frf.txt:md5,d4b17ce95ea4c14a5fa6dc915ceca1ea"
                    ]
                ],
                "gm_frf": [
                    
                ],
                "versions": [
                    "versions.yml:md5,0ebf33e30da5fc7e67dee8889822322e"
                ],
                "wm_frf": [
                    
                ]
            }
        ],
        "meta": {
            "nf-test": "0.8.4",
            "nextflow": "24.04.1"
        },
        "timestamp": "2024-05-22T17:37:09.189265"
    },
    "reconst - frf": {
        "content": [
            {
                "0": [
                    [
                        {
                            "id": "test",
                            "single_end": false
                        },
                        "test__frf.txt:md5,33ae715ef3e165dd4cc55878dcf9b2d7"
                    ]
                ],
                "1": [
                    
                ],
                "2": [
                    
                ],
                "3": [
                    
                ],
                "4": [
                    "versions.yml:md5,0ebf33e30da5fc7e67dee8889822322e"
                ],
                "csf_frf": [
                    
                ],
                "frf": [
                    [
                        {
                            "id": "test",
                            "single_end": false
                        },
                        "test__frf.txt:md5,33ae715ef3e165dd4cc55878dcf9b2d7"
                    ]
                ],
                "gm_frf": [
                    
                ],
                "versions": [
                    "versions.yml:md5,0ebf33e30da5fc7e67dee8889822322e"
                ],
                "wm_frf": [
                    
                ]
            }
        ],
        "meta": {
            "nf-test": "0.8.4",
            "nextflow": "24.04.1"
        },
        "timestamp": "2024-05-22T17:35:30.781983"
    },
    "reconst - frf_set_frf": {
        "content": [
            {
                "0": [
                    [
                        {
                            "id": "test",
                            "single_end": false
                        },
                        "test__frf.txt:md5,3da4a75e0cdb847d4a250681614be0f6"
                    ]
                ],
                "1": [
                    
                ],
                "2": [
                    
                ],
                "3": [
                    
                ],
                "4": [
                    "versions.yml:md5,0ebf33e30da5fc7e67dee8889822322e"
                ],
                "csf_frf": [
                    
                ],
                "frf": [
                    [
                        {
                            "id": "test",
                            "single_end": false
                        },
                        "test__frf.txt:md5,3da4a75e0cdb847d4a250681614be0f6"
                    ]
                ],
                "gm_frf": [
                    
                ],
                "versions": [
                    "versions.yml:md5,0ebf33e30da5fc7e67dee8889822322e"
                ],
                "wm_frf": [
                    
                ]
            }
        ],
        "meta": {
            "nf-test": "0.8.4",
            "nextflow": "24.04.1"
        },
        "timestamp": "2024-05-22T17:36:36.698988"
    },
    "reconst - frf_no_mask": {
        "content": [
            {
                "0": [
                    [
                        {
                            "id": "test",
                            "single_end": false
                        },
                        "test__frf.txt:md5,437be7654d93f67a52af679f408e71f0"
                    ]
                ],
                "1": [
                    
                ],
                "2": [
                    
                ],
                "3": [
                    
                ],
                "4": [
                    "versions.yml:md5,0ebf33e30da5fc7e67dee8889822322e"
                ],
                "csf_frf": [
                    
                ],
                "frf": [
                    [
                        {
                            "id": "test",
                            "single_end": false
                        },
                        "test__frf.txt:md5,437be7654d93f67a52af679f408e71f0"
                    ]
                ],
                "gm_frf": [
                    
                ],
                "versions": [
                    "versions.yml:md5,0ebf33e30da5fc7e67dee8889822322e"
                ],
                "wm_frf": [
                    
                ]
            }
        ],
        "meta": {
            "nf-test": "0.8.4",
            "nextflow": "24.04.1"
        },
        "timestamp": "2024-05-22T17:36:01.369068"
    },
    "reconst - frf_msmt_set_frf": {
        "content": [
            {
                "0": [
                    
                ],
                "1": [
                    [
                        {
                            "id": "test",
                            "single_end": false
                        },
                        "test__wm_frf.txt:md5,ea8109c45c70813c5bd6039be71dd587"
                    ]
                ],
                "2": [
                    [
                        {
                            "id": "test",
                            "single_end": false
                        },
                        "test__gm_frf.txt:md5,cfa072f0957f9ca34a0005f2625c4857"
                    ]
                ],
                "3": [
                    [
                        {
                            "id": "test",
                            "single_end": false
                        },
                        "test__csf_frf.txt:md5,3fc884dad0b04dea8d2936b8c01a9a7f"
                    ]
                ],
                "4": [
                    "versions.yml:md5,0ebf33e30da5fc7e67dee8889822322e"
                ],
                "csf_frf": [
                    [
                        {
                            "id": "test",
                            "single_end": false
                        },
                        "test__csf_frf.txt:md5,3fc884dad0b04dea8d2936b8c01a9a7f"
                    ]
                ],
                "frf": [
                    
                ],
                "gm_frf": [
                    [
                        {
                            "id": "test",
                            "single_end": false
                        },
                        "test__gm_frf.txt:md5,cfa072f0957f9ca34a0005f2625c4857"
                    ]
                ],
                "versions": [
                    "versions.yml:md5,0ebf33e30da5fc7e67dee8889822322e"
                ],
                "wm_frf": [
                    [
                        {
                            "id": "test",
                            "single_end": false
                        },
                        "test__wm_frf.txt:md5,ea8109c45c70813c5bd6039be71dd587"
                    ]
                ]
            }
        ],
        "meta": {
            "nf-test": "0.8.4",
            "nextflow": "24.04.1"
        },
        "timestamp": "2024-05-22T17:38:08.428808"
    }
}