{
    "betcrop - antsbet": {
        "content": [
            {
                "0": [
                    [
                        {
                            "id": "test",
                            "single_end": false
                        },
                        "test__t1_bet.nii.gz:md5,31ccfe501376952248b4d933645f1304"
                    ]
                ],
                "1": [
                    [
                        {
                            "id": "test",
                            "single_end": false
                        },
                        "test__t1_bet_mask.nii.gz:md5,0874069d069f06bfc40d7f6be2347259"
                    ]
                ],
                "2": [
                    "versions.yml:md5,526c886c0da8c70604864acce1ea9817"
                ],
                "mask": [
                    [
                        {
                            "id": "test",
                            "single_end": false
                        },
                        "test__t1_bet_mask.nii.gz:md5,0874069d069f06bfc40d7f6be2347259"
                    ]
                ],
                "t1": [
                    [
                        {
                            "id": "test",
                            "single_end": false
                        },
                        "test__t1_bet.nii.gz:md5,31ccfe501376952248b4d933645f1304"
                    ]
                ],
                "versions": [
                    "versions.yml:md5,526c886c0da8c70604864acce1ea9817"
                ]
            }
        ],
        "meta": {
            "nf-test": "0.8.4",
            "nextflow": "24.04.1"
        },
        "timestamp": "2024-05-22T15:27:24.212345"
    }
}