{
    "reconst - shmetrics": {
        "content": [
            {
                "0": [
                    [
                        {
                            "id": "test",
                            "single_end": false
                        },
                        "test__peaks.nii.gz:md5,e06a643586eb13034d9350dd1d73618e"
                    ]
                ],
                "1": [
                    [
                        {
                            "id": "test",
                            "single_end": false
                        },
                        "test__peak_values.nii.gz:md5,9e325f94d68db5913a5866be39d5b8be"
                    ]
                ],
                "2": [
                    [
                        {
                            "id": "test",
                            "single_end": false
                        },
                        "test__peak_indices.nii.gz:md5,82217067e7cc285857a20a762b345566"
                    ]
                ],
                "3": [
                    [
                        {
                            "id": "test",
                            "single_end": false
                        },
                        "test__afd_max.nii.gz:md5,7cadad1e2ab2e04c13c64d036d2feca1"
                    ]
                ],
                "4": [
                    [
                        {
                            "id": "test",
                            "single_end": false
                        },
                        "test__afd_total.nii.gz:md5,024a8c657e77c3611c5a15a9868e308d"
                    ]
                ],
                "5": [
                    [
                        {
                            "id": "test",
                            "single_end": false
                        },
                        "test__afd_sum.nii.gz:md5,7b565fa2c005dcef9e0c6ad6af8abef0"
                    ]
                ],
                "6": [
                    [
                        {
                            "id": "test",
                            "single_end": false
                        },
                        "test__nufo.nii.gz:md5,0ba1886fb00013fa225e2e5f12a30ab8"
                    ]
                ],
                "7": [
                    [
                        {
                            "id": "test",
                            "single_end": false
                        },
                        "test__ventricles_mask.nii.gz:md5,bd3b550c4470eb62fe279c28879b6b5d"
                    ]
                ],
                "8": [
                    "versions.yml:md5,a07e324c55b4310c93cc4003bee2cd6c"
                ],
                "afd_max": [
                    [
                        {
                            "id": "test",
                            "single_end": false
                        },
                        "test__afd_max.nii.gz:md5,7cadad1e2ab2e04c13c64d036d2feca1"
                    ]
                ],
                "afd_sum": [
                    [
                        {
                            "id": "test",
                            "single_end": false
                        },
                        "test__afd_sum.nii.gz:md5,7b565fa2c005dcef9e0c6ad6af8abef0"
                    ]
                ],
                "afd_total": [
                    [
                        {
                            "id": "test",
                            "single_end": false
                        },
                        "test__afd_total.nii.gz:md5,024a8c657e77c3611c5a15a9868e308d"
                    ]
                ],
                "nufo": [
                    [
                        {
                            "id": "test",
                            "single_end": false
                        },
                        "test__nufo.nii.gz:md5,0ba1886fb00013fa225e2e5f12a30ab8"
                    ]
                ],
                "peak_indices": [
                    [
                        {
                            "id": "test",
                            "single_end": false
                        },
                        "test__peak_indices.nii.gz:md5,82217067e7cc285857a20a762b345566"
                    ]
                ],
                "peak_values": [
                    [
                        {
                            "id": "test",
                            "single_end": false
                        },
                        "test__peak_values.nii.gz:md5,9e325f94d68db5913a5866be39d5b8be"
                    ]
                ],
                "peaks": [
                    [
                        {
                            "id": "test",
                            "single_end": false
                        },
                        "test__peaks.nii.gz:md5,e06a643586eb13034d9350dd1d73618e"
                    ]
                ],
                "vent_mask": [
                    [
                        {
                            "id": "test",
                            "single_end": false
                        },
                        "test__ventricles_mask.nii.gz:md5,bd3b550c4470eb62fe279c28879b6b5d"
                    ]
                ],
                "versions": [
                    "versions.yml:md5,a07e324c55b4310c93cc4003bee2cd6c"
                ]
            }
        ],
        "meta": {
            "nf-test": "0.9.0-rc1",
            "nextflow": "24.04.2"
        },
        "timestamp": "2024-06-19T21:53:27.213837"
    }
}