{
    "preproc_dwi_rev_dwi_nob0": {
        "content": [
            [
                [
                    {
                        "id": "test",
                        "single_end": false
                    },
                    "test__bval_eddy:md5,4c61c53078316c31b4d5daf446a3d6ac"
                ]
            ],
            [
                "versions.yml:md5,0280006ceecc575513278292734ffb27",
                "versions.yml:md5,0b8c908e52917b0b706fc9d1b4d6cd24",
                "versions.yml:md5,0e680a0c6b56892e1a7ec7f85bb95322",
                "versions.yml:md5,1662ab8cb093ea6d16798a8fa82639e1",
                "versions.yml:md5,577cf911f22aea6ba2985ce0ca198aec",
                "versions.yml:md5,7ddf2e98f59b19c9b933670550f26ad7",
                "versions.yml:md5,7e62e565c8f9472209da5be0e45ef13b",
                "versions.yml:md5,977c7cd0a14188f1dfeb0f69a819b79e",
                "versions.yml:md5,c15ba5efd24564dba4710b6da8c4b791",
                "versions.yml:md5,cc090d6745c94775619cf06b78a4f363",
                "versions.yml:md5,ea5858879452a59bb355228ae7f38111"
            ],
            "test_b0.nii.gz",
            "test__resampled.nii.gz",
            "test__dwi_eddy_corrected.bvec",
            "test__image_boundingBox.pkl",
            "test__image_n4.nii.gz",
            "test__resampled.nii.gz",
            "test__dwi_corrected.nii.gz"
        ],
        "meta": {
            "nf-test": "0.8.4",
            "nextflow": "24.04.1"
        },
        "timestamp": "2024-05-23T06:36:35.696599"
    },
    "preproc_dwi_rev_b0": {
        "content": [
            [
                [
                    {
                        "id": "test",
                        "single_end": false
                    },
                    "test__bval_eddy:md5,8192e97b08e8032382397bb844b31892"
                ]
            ],
            [
                "versions.yml:md5,0280006ceecc575513278292734ffb27",
                "versions.yml:md5,0b8c908e52917b0b706fc9d1b4d6cd24",
                "versions.yml:md5,0e680a0c6b56892e1a7ec7f85bb95322",
                "versions.yml:md5,577cf911f22aea6ba2985ce0ca198aec",
                "versions.yml:md5,7ddf2e98f59b19c9b933670550f26ad7",
                "versions.yml:md5,7e62e565c8f9472209da5be0e45ef13b",
                "versions.yml:md5,977c7cd0a14188f1dfeb0f69a819b79e",
                "versions.yml:md5,c15ba5efd24564dba4710b6da8c4b791",
                "versions.yml:md5,cc090d6745c94775619cf06b78a4f363",
                "versions.yml:md5,ea5858879452a59bb355228ae7f38111"
            ],
            "test_b0.nii.gz",
            "test__resampled.nii.gz",
            "test__dwi_eddy_corrected.bvec",
            "test__image_boundingBox.pkl",
            "test__image_n4.nii.gz",
            "test__resampled.nii.gz",
            "test__dwi_corrected.nii.gz"
        ],
        "meta": {
            "nf-test": "0.8.4",
            "nextflow": "24.04.1"
        },
        "timestamp": "2024-05-23T06:34:21.241545"
    },
    "preproc_dwi_all_options": {
        "content": [
            [
                [
                    {
                        "id": "test",
                        "single_end": false
                    },
                    "test__bval_eddy:md5,4c61c53078316c31b4d5daf446a3d6ac"
                ]
            ],
            [
                "versions.yml:md5,0280006ceecc575513278292734ffb27",
                "versions.yml:md5,0b8c908e52917b0b706fc9d1b4d6cd24",
                "versions.yml:md5,0e680a0c6b56892e1a7ec7f85bb95322",
                "versions.yml:md5,1662ab8cb093ea6d16798a8fa82639e1",
                "versions.yml:md5,7ddf2e98f59b19c9b933670550f26ad7",
                "versions.yml:md5,7e62e565c8f9472209da5be0e45ef13b",
                "versions.yml:md5,977c7cd0a14188f1dfeb0f69a819b79e",
                "versions.yml:md5,c15ba5efd24564dba4710b6da8c4b791",
                "versions.yml:md5,cc090d6745c94775619cf06b78a4f363",
                "versions.yml:md5,ea5858879452a59bb355228ae7f38111"
            ],
            "test_b0.nii.gz",
            "test__resampled.nii.gz",
            "test__dwi_eddy_corrected.bvec",
            "test__image_boundingBox.pkl",
            "test__image_n4.nii.gz",
            "test__resampled.nii.gz",
            "test__dwi_corrected.nii.gz"
        ],
        "meta": {
            "nf-test": "0.8.4",
            "nextflow": "24.04.1"
        },
        "timestamp": "2024-05-23T06:39:09.800078"
    }
}