{
    "image - resample - isomin": {
        "content": [
            {
                "0": [
                    [
                        {
                            "id": "test",
                            "single_end": false
                        },
                        "test__resampled.nii.gz:md5,f3164907d16ceabf606a03ea0efd3a2f"
                    ]
                ],
                "1": [
                    "versions.yml:md5,06181e25531a3ebdefdfd2e641a3d645"
                ],
                "image": [
                    [
                        {
                            "id": "test",
                            "single_end": false
                        },
                        "test__resampled.nii.gz:md5,f3164907d16ceabf606a03ea0efd3a2f"
                    ]
                ],
                "versions": [
                    "versions.yml:md5,06181e25531a3ebdefdfd2e641a3d645"
                ]
            }
        ],
        "meta": {
            "nf-test": "0.8.4",
            "nextflow": "24.04.1"
        },
        "timestamp": "2024-05-22T17:17:53.184725"
    },
    "image - resample - nn": {
        "content": [
            {
                "0": [
                    [
                        {
                            "id": "test",
                            "single_end": false
                        },
                        "test__resampled.nii.gz:md5,8d3e1c9552673b1ce60bc4d090198564"
                    ]
                ],
                "1": [
                    "versions.yml:md5,06181e25531a3ebdefdfd2e641a3d645"
                ],
                "image": [
                    [
                        {
                            "id": "test",
                            "single_end": false
                        },
                        "test__resampled.nii.gz:md5,8d3e1c9552673b1ce60bc4d090198564"
                    ]
                ],
                "versions": [
                    "versions.yml:md5,06181e25531a3ebdefdfd2e641a3d645"
                ]
            }
        ],
        "meta": {
            "nf-test": "0.8.4",
            "nextflow": "24.04.1"
        },
        "timestamp": "2024-05-22T17:18:28.270198"
    },
    "image - resample - volsize": {
        "content": [
            {
                "0": [
                    [
                        {
                            "id": "test",
                            "single_end": false
                        },
                        "test__resampled.nii.gz:md5,7c83b666f9fb2d68643a20d1c7ac21d8"
                    ]
                ],
                "1": [
                    "versions.yml:md5,06181e25531a3ebdefdfd2e641a3d645"
                ],
                "image": [
                    [
                        {
                            "id": "test",
                            "single_end": false
                        },
                        "test__resampled.nii.gz:md5,7c83b666f9fb2d68643a20d1c7ac21d8"
                    ]
                ],
                "versions": [
                    "versions.yml:md5,06181e25531a3ebdefdfd2e641a3d645"
                ]
            }
        ],
        "meta": {
            "nf-test": "0.8.4",
            "nextflow": "24.04.1"
        },
        "timestamp": "2024-05-22T17:17:35.703774"
    },
    "image - resample - voxsize": {
        "content": [
            {
                "0": [
                    [
                        {
                            "id": "test",
                            "single_end": false
                        },
                        "test__resampled.nii.gz:md5,6ffdabab138186db2dab6f98ea6e9ffb"
                    ]
                ],
                "1": [
                    "versions.yml:md5,06181e25531a3ebdefdfd2e641a3d645"
                ],
                "image": [
                    [
                        {
                            "id": "test",
                            "single_end": false
                        },
                        "test__resampled.nii.gz:md5,6ffdabab138186db2dab6f98ea6e9ffb"
                    ]
                ],
                "versions": [
                    "versions.yml:md5,06181e25531a3ebdefdfd2e641a3d645"
                ]
            }
        ],
        "meta": {
            "nf-test": "0.8.4",
            "nextflow": "24.04.1"
        },
        "timestamp": "2024-05-22T17:17:17.444389"
    },
    "image - resample - ref": {
        "content": [
            {
                "0": [
                    [
                        {
                            "id": "test",
                            "single_end": false
                        },
                        "test__resampled.nii.gz:md5,0a45d21ff294fda2e41c620cf83d0406"
                    ]
                ],
                "1": [
                    "versions.yml:md5,06181e25531a3ebdefdfd2e641a3d645"
                ],
                "image": [
                    [
                        {
                            "id": "test",
                            "single_end": false
                        },
                        "test__resampled.nii.gz:md5,0a45d21ff294fda2e41c620cf83d0406"
                    ]
                ],
                "versions": [
                    "versions.yml:md5,06181e25531a3ebdefdfd2e641a3d645"
                ]
            }
        ],
        "meta": {
            "nf-test": "0.8.4",
            "nextflow": "24.04.1"
        },
        "timestamp": "2024-05-22T17:18:10.597855"
    }
}